[2024-08-08 08:57:59] local.ERROR: Class "UpdateUserManagementFields" not found {"exception":"[object] (Error(code: 0): Class \"UpdateUserManagementFields\" not found at /mnt/c/users/jacek/herd/booking-engine-admin/vendor/laravel/framework/src/Illuminate/Database/Migrations/Migrator.php:516)
[stacktrace]
#0 /mnt/c/users/jacek/herd/booking-engine-admin/vendor/laravel/framework/src/Illuminate/Database/Migrations/Migrator.php(204): Illuminate\\Database\\Migrations\\Migrator->resolvePath()
#1 /mnt/c/users/jacek/herd/booking-engine-admin/vendor/laravel/framework/src/Illuminate/Database/Migrations/Migrator.php(179): Illuminate\\Database\\Migrations\\Migrator->runUp()
#2 /mnt/c/users/jacek/herd/booking-engine-admin/vendor/laravel/framework/src/Illuminate/Database/Migrations/Migrator.php(122): Illuminate\\Database\\Migrations\\Migrator->runPending()
#3 /mnt/c/users/jacek/herd/booking-engine-admin/vendor/laravel/framework/src/Illuminate/Database/Console/Migrations/MigrateCommand.php(116): Illuminate\\Database\\Migrations\\Migrator->run()
#4 /mnt/c/users/jacek/herd/booking-engine-admin/vendor/laravel/framework/src/Illuminate/Database/Migrations/Migrator.php(615): Illuminate\\Database\\Console\\Migrations\\MigrateCommand->Illuminate\\Database\\Console\\Migrations\\{closure}()
#5 /mnt/c/users/jacek/herd/booking-engine-admin/vendor/laravel/framework/src/Illuminate/Database/Console/Migrations/MigrateCommand.php(109): Illuminate\\Database\\Migrations\\Migrator->usingConnection()
#6 /mnt/c/users/jacek/herd/booking-engine-admin/vendor/laravel/framework/src/Illuminate/Database/Console/Migrations/MigrateCommand.php(88): Illuminate\\Database\\Console\\Migrations\\MigrateCommand->runMigrations()
#7 /mnt/c/users/jacek/herd/booking-engine-admin/vendor/laravel/framework/src/Illuminate/Container/BoundMethod.php(36): Illuminate\\Database\\Console\\Migrations\\MigrateCommand->handle()
#8 /mnt/c/users/jacek/herd/booking-engine-admin/vendor/laravel/framework/src/Illuminate/Container/Util.php(41): Illuminate\\Container\\BoundMethod::Illuminate\\Container\\{closure}()
#9 /mnt/c/users/jacek/herd/booking-engine-admin/vendor/laravel/framework/src/Illuminate/Container/BoundMethod.php(93): Illuminate\\Container\\Util::unwrapIfClosure()
#10 /mnt/c/users/jacek/herd/booking-engine-admin/vendor/laravel/framework/src/Illuminate/Container/BoundMethod.php(35): Illuminate\\Container\\BoundMethod::callBoundMethod()
#11 /mnt/c/users/jacek/herd/booking-engine-admin/vendor/laravel/framework/src/Illuminate/Container/Container.php(690): Illuminate\\Container\\BoundMethod::call()
#12 /mnt/c/users/jacek/herd/booking-engine-admin/vendor/laravel/framework/src/Illuminate/Console/Command.php(213): Illuminate\\Container\\Container->call()
#13 /mnt/c/users/jacek/herd/booking-engine-admin/vendor/symfony/console/Command/Command.php(279): Illuminate\\Console\\Command->execute()
#14 /mnt/c/users/jacek/herd/booking-engine-admin/vendor/laravel/framework/src/Illuminate/Console/Command.php(182): Symfony\\Component\\Console\\Command\\Command->run()
#15 /mnt/c/users/jacek/herd/booking-engine-admin/vendor/symfony/console/Application.php(1047): Illuminate\\Console\\Command->run()
#16 /mnt/c/users/jacek/herd/booking-engine-admin/vendor/symfony/console/Application.php(316): Symfony\\Component\\Console\\Application->doRunCommand()
#17 /mnt/c/users/jacek/herd/booking-engine-admin/vendor/symfony/console/Application.php(167): Symfony\\Component\\Console\\Application->doRun()
#18 /mnt/c/users/jacek/herd/booking-engine-admin/vendor/laravel/framework/src/Illuminate/Foundation/Console/Kernel.php(196): Symfony\\Component\\Console\\Application->run()
#19 /mnt/c/users/jacek/herd/booking-engine-admin/vendor/laravel/framework/src/Illuminate/Foundation/Application.php(1203): Illuminate\\Foundation\\Console\\Kernel->handle()
#20 /mnt/c/users/jacek/herd/booking-engine-admin/artisan(13): Illuminate\\Foundation\\Application->handleCommand()
#21 {main}
"} 
[2024-08-08 08:58:38] local.ERROR: SQLSTATE[HY000]: General error: 1 duplicate column name: created_at (Connection: sqlite, SQL: create table "booking_logs" ("id" integer primary key autoincrement not null, "booking_id" integer not null, "agent_id" integer not null, "action" varchar not null, "created_at" datetime not null default CURRENT_TIMESTAMP, "created_at" datetime, "updated_at" datetime, foreign key("booking_id") references "bookings"("id"), foreign key("agent_id") references "users"("id"))) {"exception":"[object] (Illuminate\\Database\\QueryException(code: HY000): SQLSTATE[HY000]: General error: 1 duplicate column name: created_at (Connection: sqlite, SQL: create table \"booking_logs\" (\"id\" integer primary key autoincrement not null, \"booking_id\" integer not null, \"agent_id\" integer not null, \"action\" varchar not null, \"created_at\" datetime not null default CURRENT_TIMESTAMP, \"created_at\" datetime, \"updated_at\" datetime, foreign key(\"booking_id\") references \"bookings\"(\"id\"), foreign key(\"agent_id\") references \"users\"(\"id\"))) at /mnt/c/users/jacek/herd/booking-engine-admin/vendor/laravel/framework/src/Illuminate/Database/Connection.php:813)
[stacktrace]
#0 /mnt/c/users/jacek/herd/booking-engine-admin/vendor/laravel/framework/src/Illuminate/Database/Connection.php(767): Illuminate\\Database\\Connection->runQueryCallback()
#1 /mnt/c/users/jacek/herd/booking-engine-admin/vendor/laravel/framework/src/Illuminate/Database/Connection.php(560): Illuminate\\Database\\Connection->run()
#2 /mnt/c/users/jacek/herd/booking-engine-admin/vendor/laravel/framework/src/Illuminate/Database/Schema/Blueprint.php(117): Illuminate\\Database\\Connection->statement()
#3 /mnt/c/users/jacek/herd/booking-engine-admin/vendor/laravel/framework/src/Illuminate/Database/Schema/Builder.php(564): Illuminate\\Database\\Schema\\Blueprint->build()
#4 /mnt/c/users/jacek/herd/booking-engine-admin/vendor/laravel/framework/src/Illuminate/Database/Schema/Builder.php(418): Illuminate\\Database\\Schema\\Builder->build()
#5 /mnt/c/users/jacek/herd/booking-engine-admin/vendor/laravel/framework/src/Illuminate/Support/Facades/Facade.php(357): Illuminate\\Database\\Schema\\Builder->create()
#6 /mnt/c/users/jacek/herd/booking-engine-admin/database/migrations/2024_08_08_084005_create_booking_logs.php(15): Illuminate\\Support\\Facades\\Facade::__callStatic()
#7 /mnt/c/users/jacek/herd/booking-engine-admin/vendor/laravel/framework/src/Illuminate/Database/Migrations/Migrator.php(475): Illuminate\\Database\\Migrations\\Migration@anonymous->up()
#8 /mnt/c/users/jacek/herd/booking-engine-admin/vendor/laravel/framework/src/Illuminate/Database/Migrations/Migrator.php(400): Illuminate\\Database\\Migrations\\Migrator->runMethod()
#9 /mnt/c/users/jacek/herd/booking-engine-admin/vendor/laravel/framework/src/Illuminate/Database/Migrations/Migrator.php(409): Illuminate\\Database\\Migrations\\Migrator->Illuminate\\Database\\Migrations\\{closure}()
#10 /mnt/c/users/jacek/herd/booking-engine-admin/vendor/laravel/framework/src/Illuminate/Database/Migrations/Migrator.php(212): Illuminate\\Database\\Migrations\\Migrator->runMigration()
#11 /mnt/c/users/jacek/herd/booking-engine-admin/vendor/laravel/framework/src/Illuminate/Console/View/Components/Task.php(40): Illuminate\\Database\\Migrations\\Migrator->Illuminate\\Database\\Migrations\\{closure}()
#12 /mnt/c/users/jacek/herd/booking-engine-admin/vendor/laravel/framework/src/Illuminate/Database/Migrations/Migrator.php(736): Illuminate\\Console\\View\\Components\\Task->render()
#13 /mnt/c/users/jacek/herd/booking-engine-admin/vendor/laravel/framework/src/Illuminate/Database/Migrations/Migrator.php(212): Illuminate\\Database\\Migrations\\Migrator->write()
#14 /mnt/c/users/jacek/herd/booking-engine-admin/vendor/laravel/framework/src/Illuminate/Database/Migrations/Migrator.php(179): Illuminate\\Database\\Migrations\\Migrator->runUp()
#15 /mnt/c/users/jacek/herd/booking-engine-admin/vendor/laravel/framework/src/Illuminate/Database/Migrations/Migrator.php(122): Illuminate\\Database\\Migrations\\Migrator->runPending()
#16 /mnt/c/users/jacek/herd/booking-engine-admin/vendor/laravel/framework/src/Illuminate/Database/Console/Migrations/MigrateCommand.php(116): Illuminate\\Database\\Migrations\\Migrator->run()
#17 /mnt/c/users/jacek/herd/booking-engine-admin/vendor/laravel/framework/src/Illuminate/Database/Migrations/Migrator.php(615): Illuminate\\Database\\Console\\Migrations\\MigrateCommand->Illuminate\\Database\\Console\\Migrations\\{closure}()
#18 /mnt/c/users/jacek/herd/booking-engine-admin/vendor/laravel/framework/src/Illuminate/Database/Console/Migrations/MigrateCommand.php(109): Illuminate\\Database\\Migrations\\Migrator->usingConnection()
#19 /mnt/c/users/jacek/herd/booking-engine-admin/vendor/laravel/framework/src/Illuminate/Database/Console/Migrations/MigrateCommand.php(88): Illuminate\\Database\\Console\\Migrations\\MigrateCommand->runMigrations()
#20 /mnt/c/users/jacek/herd/booking-engine-admin/vendor/laravel/framework/src/Illuminate/Container/BoundMethod.php(36): Illuminate\\Database\\Console\\Migrations\\MigrateCommand->handle()
#21 /mnt/c/users/jacek/herd/booking-engine-admin/vendor/laravel/framework/src/Illuminate/Container/Util.php(41): Illuminate\\Container\\BoundMethod::Illuminate\\Container\\{closure}()
#22 /mnt/c/users/jacek/herd/booking-engine-admin/vendor/laravel/framework/src/Illuminate/Container/BoundMethod.php(93): Illuminate\\Container\\Util::unwrapIfClosure()
#23 /mnt/c/users/jacek/herd/booking-engine-admin/vendor/laravel/framework/src/Illuminate/Container/BoundMethod.php(35): Illuminate\\Container\\BoundMethod::callBoundMethod()
#24 /mnt/c/users/jacek/herd/booking-engine-admin/vendor/laravel/framework/src/Illuminate/Container/Container.php(690): Illuminate\\Container\\BoundMethod::call()
#25 /mnt/c/users/jacek/herd/booking-engine-admin/vendor/laravel/framework/src/Illuminate/Console/Command.php(213): Illuminate\\Container\\Container->call()
#26 /mnt/c/users/jacek/herd/booking-engine-admin/vendor/symfony/console/Command/Command.php(279): Illuminate\\Console\\Command->execute()
#27 /mnt/c/users/jacek/herd/booking-engine-admin/vendor/laravel/framework/src/Illuminate/Console/Command.php(182): Symfony\\Component\\Console\\Command\\Command->run()
#28 /mnt/c/users/jacek/herd/booking-engine-admin/vendor/symfony/console/Application.php(1047): Illuminate\\Console\\Command->run()
#29 /mnt/c/users/jacek/herd/booking-engine-admin/vendor/symfony/console/Application.php(316): Symfony\\Component\\Console\\Application->doRunCommand()
#30 /mnt/c/users/jacek/herd/booking-engine-admin/vendor/symfony/console/Application.php(167): Symfony\\Component\\Console\\Application->doRun()
#31 /mnt/c/users/jacek/herd/booking-engine-admin/vendor/laravel/framework/src/Illuminate/Foundation/Console/Kernel.php(196): Symfony\\Component\\Console\\Application->run()
#32 /mnt/c/users/jacek/herd/booking-engine-admin/vendor/laravel/framework/src/Illuminate/Foundation/Application.php(1203): Illuminate\\Foundation\\Console\\Kernel->handle()
#33 /mnt/c/users/jacek/herd/booking-engine-admin/artisan(13): Illuminate\\Foundation\\Application->handleCommand()
#34 {main}

[previous exception] [object] (PDOException(code: HY000): SQLSTATE[HY000]: General error: 1 duplicate column name: created_at at /mnt/c/users/jacek/herd/booking-engine-admin/vendor/laravel/framework/src/Illuminate/Database/Connection.php:565)
[stacktrace]
#0 /mnt/c/users/jacek/herd/booking-engine-admin/vendor/laravel/framework/src/Illuminate/Database/Connection.php(565): PDO->prepare()
#1 /mnt/c/users/jacek/herd/booking-engine-admin/vendor/laravel/framework/src/Illuminate/Database/Connection.php(800): Illuminate\\Database\\Connection->Illuminate\\Database\\{closure}()
#2 /mnt/c/users/jacek/herd/booking-engine-admin/vendor/laravel/framework/src/Illuminate/Database/Connection.php(767): Illuminate\\Database\\Connection->runQueryCallback()
#3 /mnt/c/users/jacek/herd/booking-engine-admin/vendor/laravel/framework/src/Illuminate/Database/Connection.php(560): Illuminate\\Database\\Connection->run()
#4 /mnt/c/users/jacek/herd/booking-engine-admin/vendor/laravel/framework/src/Illuminate/Database/Schema/Blueprint.php(117): Illuminate\\Database\\Connection->statement()
#5 /mnt/c/users/jacek/herd/booking-engine-admin/vendor/laravel/framework/src/Illuminate/Database/Schema/Builder.php(564): Illuminate\\Database\\Schema\\Blueprint->build()
#6 /mnt/c/users/jacek/herd/booking-engine-admin/vendor/laravel/framework/src/Illuminate/Database/Schema/Builder.php(418): Illuminate\\Database\\Schema\\Builder->build()
#7 /mnt/c/users/jacek/herd/booking-engine-admin/vendor/laravel/framework/src/Illuminate/Support/Facades/Facade.php(357): Illuminate\\Database\\Schema\\Builder->create()
#8 /mnt/c/users/jacek/herd/booking-engine-admin/database/migrations/2024_08_08_084005_create_booking_logs.php(15): Illuminate\\Support\\Facades\\Facade::__callStatic()
#9 /mnt/c/users/jacek/herd/booking-engine-admin/vendor/laravel/framework/src/Illuminate/Database/Migrations/Migrator.php(475): Illuminate\\Database\\Migrations\\Migration@anonymous->up()
#10 /mnt/c/users/jacek/herd/booking-engine-admin/vendor/laravel/framework/src/Illuminate/Database/Migrations/Migrator.php(400): Illuminate\\Database\\Migrations\\Migrator->runMethod()
#11 /mnt/c/users/jacek/herd/booking-engine-admin/vendor/laravel/framework/src/Illuminate/Database/Migrations/Migrator.php(409): Illuminate\\Database\\Migrations\\Migrator->Illuminate\\Database\\Migrations\\{closure}()
#12 /mnt/c/users/jacek/herd/booking-engine-admin/vendor/laravel/framework/src/Illuminate/Database/Migrations/Migrator.php(212): Illuminate\\Database\\Migrations\\Migrator->runMigration()
#13 /mnt/c/users/jacek/herd/booking-engine-admin/vendor/laravel/framework/src/Illuminate/Console/View/Components/Task.php(40): Illuminate\\Database\\Migrations\\Migrator->Illuminate\\Database\\Migrations\\{closure}()
#14 /mnt/c/users/jacek/herd/booking-engine-admin/vendor/laravel/framework/src/Illuminate/Database/Migrations/Migrator.php(736): Illuminate\\Console\\View\\Components\\Task->render()
#15 /mnt/c/users/jacek/herd/booking-engine-admin/vendor/laravel/framework/src/Illuminate/Database/Migrations/Migrator.php(212): Illuminate\\Database\\Migrations\\Migrator->write()
#16 /mnt/c/users/jacek/herd/booking-engine-admin/vendor/laravel/framework/src/Illuminate/Database/Migrations/Migrator.php(179): Illuminate\\Database\\Migrations\\Migrator->runUp()
#17 /mnt/c/users/jacek/herd/booking-engine-admin/vendor/laravel/framework/src/Illuminate/Database/Migrations/Migrator.php(122): Illuminate\\Database\\Migrations\\Migrator->runPending()
#18 /mnt/c/users/jacek/herd/booking-engine-admin/vendor/laravel/framework/src/Illuminate/Database/Console/Migrations/MigrateCommand.php(116): Illuminate\\Database\\Migrations\\Migrator->run()
#19 /mnt/c/users/jacek/herd/booking-engine-admin/vendor/laravel/framework/src/Illuminate/Database/Migrations/Migrator.php(615): Illuminate\\Database\\Console\\Migrations\\MigrateCommand->Illuminate\\Database\\Console\\Migrations\\{closure}()
#20 /mnt/c/users/jacek/herd/booking-engine-admin/vendor/laravel/framework/src/Illuminate/Database/Console/Migrations/MigrateCommand.php(109): Illuminate\\Database\\Migrations\\Migrator->usingConnection()
#21 /mnt/c/users/jacek/herd/booking-engine-admin/vendor/laravel/framework/src/Illuminate/Database/Console/Migrations/MigrateCommand.php(88): Illuminate\\Database\\Console\\Migrations\\MigrateCommand->runMigrations()
#22 /mnt/c/users/jacek/herd/booking-engine-admin/vendor/laravel/framework/src/Illuminate/Container/BoundMethod.php(36): Illuminate\\Database\\Console\\Migrations\\MigrateCommand->handle()
#23 /mnt/c/users/jacek/herd/booking-engine-admin/vendor/laravel/framework/src/Illuminate/Container/Util.php(41): Illuminate\\Container\\BoundMethod::Illuminate\\Container\\{closure}()
#24 /mnt/c/users/jacek/herd/booking-engine-admin/vendor/laravel/framework/src/Illuminate/Container/BoundMethod.php(93): Illuminate\\Container\\Util::unwrapIfClosure()
#25 /mnt/c/users/jacek/herd/booking-engine-admin/vendor/laravel/framework/src/Illuminate/Container/BoundMethod.php(35): Illuminate\\Container\\BoundMethod::callBoundMethod()
#26 /mnt/c/users/jacek/herd/booking-engine-admin/vendor/laravel/framework/src/Illuminate/Container/Container.php(690): Illuminate\\Container\\BoundMethod::call()
#27 /mnt/c/users/jacek/herd/booking-engine-admin/vendor/laravel/framework/src/Illuminate/Console/Command.php(213): Illuminate\\Container\\Container->call()
#28 /mnt/c/users/jacek/herd/booking-engine-admin/vendor/symfony/console/Command/Command.php(279): Illuminate\\Console\\Command->execute()
#29 /mnt/c/users/jacek/herd/booking-engine-admin/vendor/laravel/framework/src/Illuminate/Console/Command.php(182): Symfony\\Component\\Console\\Command\\Command->run()
#30 /mnt/c/users/jacek/herd/booking-engine-admin/vendor/symfony/console/Application.php(1047): Illuminate\\Console\\Command->run()
#31 /mnt/c/users/jacek/herd/booking-engine-admin/vendor/symfony/console/Application.php(316): Symfony\\Component\\Console\\Application->doRunCommand()
#32 /mnt/c/users/jacek/herd/booking-engine-admin/vendor/symfony/console/Application.php(167): Symfony\\Component\\Console\\Application->doRun()
#33 /mnt/c/users/jacek/herd/booking-engine-admin/vendor/laravel/framework/src/Illuminate/Foundation/Console/Kernel.php(196): Symfony\\Component\\Console\\Application->run()
#34 /mnt/c/users/jacek/herd/booking-engine-admin/vendor/laravel/framework/src/Illuminate/Foundation/Application.php(1203): Illuminate\\Foundation\\Console\\Kernel->handle()
#35 /mnt/c/users/jacek/herd/booking-engine-admin/artisan(13): Illuminate\\Foundation\\Application->handleCommand()
#36 {main}
"} 
[2024-08-08 09:00:47] local.ERROR: SQLSTATE[HY000]: General error: 1 table "password_reset_tokens" already exists (Connection: sqlite, SQL: create table "password_reset_tokens" ("id" integer primary key autoincrement not null, "user_id" integer not null, "token" varchar not null, "created_at" datetime, "updated_at" datetime, foreign key("user_id") references "users"("id"))) {"exception":"[object] (Illuminate\\Database\\QueryException(code: HY000): SQLSTATE[HY000]: General error: 1 table \"password_reset_tokens\" already exists (Connection: sqlite, SQL: create table \"password_reset_tokens\" (\"id\" integer primary key autoincrement not null, \"user_id\" integer not null, \"token\" varchar not null, \"created_at\" datetime, \"updated_at\" datetime, foreign key(\"user_id\") references \"users\"(\"id\"))) at /mnt/c/users/jacek/herd/booking-engine-admin/vendor/laravel/framework/src/Illuminate/Database/Connection.php:813)
[stacktrace]
#0 /mnt/c/users/jacek/herd/booking-engine-admin/vendor/laravel/framework/src/Illuminate/Database/Connection.php(767): Illuminate\\Database\\Connection->runQueryCallback()
#1 /mnt/c/users/jacek/herd/booking-engine-admin/vendor/laravel/framework/src/Illuminate/Database/Connection.php(560): Illuminate\\Database\\Connection->run()
#2 /mnt/c/users/jacek/herd/booking-engine-admin/vendor/laravel/framework/src/Illuminate/Database/Schema/Blueprint.php(117): Illuminate\\Database\\Connection->statement()
#3 /mnt/c/users/jacek/herd/booking-engine-admin/vendor/laravel/framework/src/Illuminate/Database/Schema/Builder.php(564): Illuminate\\Database\\Schema\\Blueprint->build()
#4 /mnt/c/users/jacek/herd/booking-engine-admin/vendor/laravel/framework/src/Illuminate/Database/Schema/Builder.php(418): Illuminate\\Database\\Schema\\Builder->build()
#5 /mnt/c/users/jacek/herd/booking-engine-admin/vendor/laravel/framework/src/Illuminate/Support/Facades/Facade.php(357): Illuminate\\Database\\Schema\\Builder->create()
#6 /mnt/c/users/jacek/herd/booking-engine-admin/database/migrations/2024_08_08_084027_create_password_reset_tokens.php(14): Illuminate\\Support\\Facades\\Facade::__callStatic()
#7 /mnt/c/users/jacek/herd/booking-engine-admin/vendor/laravel/framework/src/Illuminate/Database/Migrations/Migrator.php(475): Illuminate\\Database\\Migrations\\Migration@anonymous->up()
#8 /mnt/c/users/jacek/herd/booking-engine-admin/vendor/laravel/framework/src/Illuminate/Database/Migrations/Migrator.php(400): Illuminate\\Database\\Migrations\\Migrator->runMethod()
#9 /mnt/c/users/jacek/herd/booking-engine-admin/vendor/laravel/framework/src/Illuminate/Database/Migrations/Migrator.php(409): Illuminate\\Database\\Migrations\\Migrator->Illuminate\\Database\\Migrations\\{closure}()
#10 /mnt/c/users/jacek/herd/booking-engine-admin/vendor/laravel/framework/src/Illuminate/Database/Migrations/Migrator.php(212): Illuminate\\Database\\Migrations\\Migrator->runMigration()
#11 /mnt/c/users/jacek/herd/booking-engine-admin/vendor/laravel/framework/src/Illuminate/Console/View/Components/Task.php(40): Illuminate\\Database\\Migrations\\Migrator->Illuminate\\Database\\Migrations\\{closure}()
#12 /mnt/c/users/jacek/herd/booking-engine-admin/vendor/laravel/framework/src/Illuminate/Database/Migrations/Migrator.php(736): Illuminate\\Console\\View\\Components\\Task->render()
#13 /mnt/c/users/jacek/herd/booking-engine-admin/vendor/laravel/framework/src/Illuminate/Database/Migrations/Migrator.php(212): Illuminate\\Database\\Migrations\\Migrator->write()
#14 /mnt/c/users/jacek/herd/booking-engine-admin/vendor/laravel/framework/src/Illuminate/Database/Migrations/Migrator.php(179): Illuminate\\Database\\Migrations\\Migrator->runUp()
#15 /mnt/c/users/jacek/herd/booking-engine-admin/vendor/laravel/framework/src/Illuminate/Database/Migrations/Migrator.php(122): Illuminate\\Database\\Migrations\\Migrator->runPending()
#16 /mnt/c/users/jacek/herd/booking-engine-admin/vendor/laravel/framework/src/Illuminate/Database/Console/Migrations/MigrateCommand.php(116): Illuminate\\Database\\Migrations\\Migrator->run()
#17 /mnt/c/users/jacek/herd/booking-engine-admin/vendor/laravel/framework/src/Illuminate/Database/Migrations/Migrator.php(615): Illuminate\\Database\\Console\\Migrations\\MigrateCommand->Illuminate\\Database\\Console\\Migrations\\{closure}()
#18 /mnt/c/users/jacek/herd/booking-engine-admin/vendor/laravel/framework/src/Illuminate/Database/Console/Migrations/MigrateCommand.php(109): Illuminate\\Database\\Migrations\\Migrator->usingConnection()
#19 /mnt/c/users/jacek/herd/booking-engine-admin/vendor/laravel/framework/src/Illuminate/Database/Console/Migrations/MigrateCommand.php(88): Illuminate\\Database\\Console\\Migrations\\MigrateCommand->runMigrations()
#20 /mnt/c/users/jacek/herd/booking-engine-admin/vendor/laravel/framework/src/Illuminate/Container/BoundMethod.php(36): Illuminate\\Database\\Console\\Migrations\\MigrateCommand->handle()
#21 /mnt/c/users/jacek/herd/booking-engine-admin/vendor/laravel/framework/src/Illuminate/Container/Util.php(41): Illuminate\\Container\\BoundMethod::Illuminate\\Container\\{closure}()
#22 /mnt/c/users/jacek/herd/booking-engine-admin/vendor/laravel/framework/src/Illuminate/Container/BoundMethod.php(93): Illuminate\\Container\\Util::unwrapIfClosure()
#23 /mnt/c/users/jacek/herd/booking-engine-admin/vendor/laravel/framework/src/Illuminate/Container/BoundMethod.php(35): Illuminate\\Container\\BoundMethod::callBoundMethod()
#24 /mnt/c/users/jacek/herd/booking-engine-admin/vendor/laravel/framework/src/Illuminate/Container/Container.php(690): Illuminate\\Container\\BoundMethod::call()
#25 /mnt/c/users/jacek/herd/booking-engine-admin/vendor/laravel/framework/src/Illuminate/Console/Command.php(213): Illuminate\\Container\\Container->call()
#26 /mnt/c/users/jacek/herd/booking-engine-admin/vendor/symfony/console/Command/Command.php(279): Illuminate\\Console\\Command->execute()
#27 /mnt/c/users/jacek/herd/booking-engine-admin/vendor/laravel/framework/src/Illuminate/Console/Command.php(182): Symfony\\Component\\Console\\Command\\Command->run()
#28 /mnt/c/users/jacek/herd/booking-engine-admin/vendor/symfony/console/Application.php(1047): Illuminate\\Console\\Command->run()
#29 /mnt/c/users/jacek/herd/booking-engine-admin/vendor/symfony/console/Application.php(316): Symfony\\Component\\Console\\Application->doRunCommand()
#30 /mnt/c/users/jacek/herd/booking-engine-admin/vendor/symfony/console/Application.php(167): Symfony\\Component\\Console\\Application->doRun()
#31 /mnt/c/users/jacek/herd/booking-engine-admin/vendor/laravel/framework/src/Illuminate/Foundation/Console/Kernel.php(196): Symfony\\Component\\Console\\Application->run()
#32 /mnt/c/users/jacek/herd/booking-engine-admin/vendor/laravel/framework/src/Illuminate/Foundation/Application.php(1203): Illuminate\\Foundation\\Console\\Kernel->handle()
#33 /mnt/c/users/jacek/herd/booking-engine-admin/artisan(13): Illuminate\\Foundation\\Application->handleCommand()
#34 {main}

[previous exception] [object] (PDOException(code: HY000): SQLSTATE[HY000]: General error: 1 table \"password_reset_tokens\" already exists at /mnt/c/users/jacek/herd/booking-engine-admin/vendor/laravel/framework/src/Illuminate/Database/Connection.php:565)
[stacktrace]
#0 /mnt/c/users/jacek/herd/booking-engine-admin/vendor/laravel/framework/src/Illuminate/Database/Connection.php(565): PDO->prepare()
#1 /mnt/c/users/jacek/herd/booking-engine-admin/vendor/laravel/framework/src/Illuminate/Database/Connection.php(800): Illuminate\\Database\\Connection->Illuminate\\Database\\{closure}()
#2 /mnt/c/users/jacek/herd/booking-engine-admin/vendor/laravel/framework/src/Illuminate/Database/Connection.php(767): Illuminate\\Database\\Connection->runQueryCallback()
#3 /mnt/c/users/jacek/herd/booking-engine-admin/vendor/laravel/framework/src/Illuminate/Database/Connection.php(560): Illuminate\\Database\\Connection->run()
#4 /mnt/c/users/jacek/herd/booking-engine-admin/vendor/laravel/framework/src/Illuminate/Database/Schema/Blueprint.php(117): Illuminate\\Database\\Connection->statement()
#5 /mnt/c/users/jacek/herd/booking-engine-admin/vendor/laravel/framework/src/Illuminate/Database/Schema/Builder.php(564): Illuminate\\Database\\Schema\\Blueprint->build()
#6 /mnt/c/users/jacek/herd/booking-engine-admin/vendor/laravel/framework/src/Illuminate/Database/Schema/Builder.php(418): Illuminate\\Database\\Schema\\Builder->build()
#7 /mnt/c/users/jacek/herd/booking-engine-admin/vendor/laravel/framework/src/Illuminate/Support/Facades/Facade.php(357): Illuminate\\Database\\Schema\\Builder->create()
#8 /mnt/c/users/jacek/herd/booking-engine-admin/database/migrations/2024_08_08_084027_create_password_reset_tokens.php(14): Illuminate\\Support\\Facades\\Facade::__callStatic()
#9 /mnt/c/users/jacek/herd/booking-engine-admin/vendor/laravel/framework/src/Illuminate/Database/Migrations/Migrator.php(475): Illuminate\\Database\\Migrations\\Migration@anonymous->up()
#10 /mnt/c/users/jacek/herd/booking-engine-admin/vendor/laravel/framework/src/Illuminate/Database/Migrations/Migrator.php(400): Illuminate\\Database\\Migrations\\Migrator->runMethod()
#11 /mnt/c/users/jacek/herd/booking-engine-admin/vendor/laravel/framework/src/Illuminate/Database/Migrations/Migrator.php(409): Illuminate\\Database\\Migrations\\Migrator->Illuminate\\Database\\Migrations\\{closure}()
#12 /mnt/c/users/jacek/herd/booking-engine-admin/vendor/laravel/framework/src/Illuminate/Database/Migrations/Migrator.php(212): Illuminate\\Database\\Migrations\\Migrator->runMigration()
#13 /mnt/c/users/jacek/herd/booking-engine-admin/vendor/laravel/framework/src/Illuminate/Console/View/Components/Task.php(40): Illuminate\\Database\\Migrations\\Migrator->Illuminate\\Database\\Migrations\\{closure}()
#14 /mnt/c/users/jacek/herd/booking-engine-admin/vendor/laravel/framework/src/Illuminate/Database/Migrations/Migrator.php(736): Illuminate\\Console\\View\\Components\\Task->render()
#15 /mnt/c/users/jacek/herd/booking-engine-admin/vendor/laravel/framework/src/Illuminate/Database/Migrations/Migrator.php(212): Illuminate\\Database\\Migrations\\Migrator->write()
#16 /mnt/c/users/jacek/herd/booking-engine-admin/vendor/laravel/framework/src/Illuminate/Database/Migrations/Migrator.php(179): Illuminate\\Database\\Migrations\\Migrator->runUp()
#17 /mnt/c/users/jacek/herd/booking-engine-admin/vendor/laravel/framework/src/Illuminate/Database/Migrations/Migrator.php(122): Illuminate\\Database\\Migrations\\Migrator->runPending()
#18 /mnt/c/users/jacek/herd/booking-engine-admin/vendor/laravel/framework/src/Illuminate/Database/Console/Migrations/MigrateCommand.php(116): Illuminate\\Database\\Migrations\\Migrator->run()
#19 /mnt/c/users/jacek/herd/booking-engine-admin/vendor/laravel/framework/src/Illuminate/Database/Migrations/Migrator.php(615): Illuminate\\Database\\Console\\Migrations\\MigrateCommand->Illuminate\\Database\\Console\\Migrations\\{closure}()
#20 /mnt/c/users/jacek/herd/booking-engine-admin/vendor/laravel/framework/src/Illuminate/Database/Console/Migrations/MigrateCommand.php(109): Illuminate\\Database\\Migrations\\Migrator->usingConnection()
#21 /mnt/c/users/jacek/herd/booking-engine-admin/vendor/laravel/framework/src/Illuminate/Database/Console/Migrations/MigrateCommand.php(88): Illuminate\\Database\\Console\\Migrations\\MigrateCommand->runMigrations()
#22 /mnt/c/users/jacek/herd/booking-engine-admin/vendor/laravel/framework/src/Illuminate/Container/BoundMethod.php(36): Illuminate\\Database\\Console\\Migrations\\MigrateCommand->handle()
#23 /mnt/c/users/jacek/herd/booking-engine-admin/vendor/laravel/framework/src/Illuminate/Container/Util.php(41): Illuminate\\Container\\BoundMethod::Illuminate\\Container\\{closure}()
#24 /mnt/c/users/jacek/herd/booking-engine-admin/vendor/laravel/framework/src/Illuminate/Container/BoundMethod.php(93): Illuminate\\Container\\Util::unwrapIfClosure()
#25 /mnt/c/users/jacek/herd/booking-engine-admin/vendor/laravel/framework/src/Illuminate/Container/BoundMethod.php(35): Illuminate\\Container\\BoundMethod::callBoundMethod()
#26 /mnt/c/users/jacek/herd/booking-engine-admin/vendor/laravel/framework/src/Illuminate/Container/Container.php(690): Illuminate\\Container\\BoundMethod::call()
#27 /mnt/c/users/jacek/herd/booking-engine-admin/vendor/laravel/framework/src/Illuminate/Console/Command.php(213): Illuminate\\Container\\Container->call()
#28 /mnt/c/users/jacek/herd/booking-engine-admin/vendor/symfony/console/Command/Command.php(279): Illuminate\\Console\\Command->execute()
#29 /mnt/c/users/jacek/herd/booking-engine-admin/vendor/laravel/framework/src/Illuminate/Console/Command.php(182): Symfony\\Component\\Console\\Command\\Command->run()
#30 /mnt/c/users/jacek/herd/booking-engine-admin/vendor/symfony/console/Application.php(1047): Illuminate\\Console\\Command->run()
#31 /mnt/c/users/jacek/herd/booking-engine-admin/vendor/symfony/console/Application.php(316): Symfony\\Component\\Console\\Application->doRunCommand()
#32 /mnt/c/users/jacek/herd/booking-engine-admin/vendor/symfony/console/Application.php(167): Symfony\\Component\\Console\\Application->doRun()
#33 /mnt/c/users/jacek/herd/booking-engine-admin/vendor/laravel/framework/src/Illuminate/Foundation/Console/Kernel.php(196): Symfony\\Component\\Console\\Application->run()
#34 /mnt/c/users/jacek/herd/booking-engine-admin/vendor/laravel/framework/src/Illuminate/Foundation/Application.php(1203): Illuminate\\Foundation\\Console\\Kernel->handle()
#35 /mnt/c/users/jacek/herd/booking-engine-admin/artisan(13): Illuminate\\Foundation\\Application->handleCommand()
#36 {main}
"} 
[2024-08-08 09:07:04] local.ERROR: SQLSTATE[HY000]: General error: 1 duplicate column name: created_at (Connection: sqlite, SQL: create table "fees" ("id" integer primary key autoincrement not null, "passenger_id" integer not null, "type" varchar, "amount" numeric not null, "created_at" datetime, "updated_at" datetime, "created_at" datetime, "updated_at" datetime, foreign key("passenger_id") references "passengers"("id"))) {"exception":"[object] (Illuminate\\Database\\QueryException(code: HY000): SQLSTATE[HY000]: General error: 1 duplicate column name: created_at (Connection: sqlite, SQL: create table \"fees\" (\"id\" integer primary key autoincrement not null, \"passenger_id\" integer not null, \"type\" varchar, \"amount\" numeric not null, \"created_at\" datetime, \"updated_at\" datetime, \"created_at\" datetime, \"updated_at\" datetime, foreign key(\"passenger_id\") references \"passengers\"(\"id\"))) at /mnt/c/users/jacek/herd/booking-engine-admin/vendor/laravel/framework/src/Illuminate/Database/Connection.php:813)
[stacktrace]
#0 /mnt/c/users/jacek/herd/booking-engine-admin/vendor/laravel/framework/src/Illuminate/Database/Connection.php(767): Illuminate\\Database\\Connection->runQueryCallback()
#1 /mnt/c/users/jacek/herd/booking-engine-admin/vendor/laravel/framework/src/Illuminate/Database/Connection.php(560): Illuminate\\Database\\Connection->run()
#2 /mnt/c/users/jacek/herd/booking-engine-admin/vendor/laravel/framework/src/Illuminate/Database/Schema/Blueprint.php(117): Illuminate\\Database\\Connection->statement()
#3 /mnt/c/users/jacek/herd/booking-engine-admin/vendor/laravel/framework/src/Illuminate/Database/Schema/Builder.php(564): Illuminate\\Database\\Schema\\Blueprint->build()
#4 /mnt/c/users/jacek/herd/booking-engine-admin/vendor/laravel/framework/src/Illuminate/Database/Schema/Builder.php(418): Illuminate\\Database\\Schema\\Builder->build()
#5 /mnt/c/users/jacek/herd/booking-engine-admin/vendor/laravel/framework/src/Illuminate/Support/Facades/Facade.php(357): Illuminate\\Database\\Schema\\Builder->create()
#6 /mnt/c/users/jacek/herd/booking-engine-admin/database/migrations/2024_08_08_084053_create_fees.php(14): Illuminate\\Support\\Facades\\Facade::__callStatic()
#7 /mnt/c/users/jacek/herd/booking-engine-admin/vendor/laravel/framework/src/Illuminate/Database/Migrations/Migrator.php(475): Illuminate\\Database\\Migrations\\Migration@anonymous->up()
#8 /mnt/c/users/jacek/herd/booking-engine-admin/vendor/laravel/framework/src/Illuminate/Database/Migrations/Migrator.php(400): Illuminate\\Database\\Migrations\\Migrator->runMethod()
#9 /mnt/c/users/jacek/herd/booking-engine-admin/vendor/laravel/framework/src/Illuminate/Database/Migrations/Migrator.php(409): Illuminate\\Database\\Migrations\\Migrator->Illuminate\\Database\\Migrations\\{closure}()
#10 /mnt/c/users/jacek/herd/booking-engine-admin/vendor/laravel/framework/src/Illuminate/Database/Migrations/Migrator.php(212): Illuminate\\Database\\Migrations\\Migrator->runMigration()
#11 /mnt/c/users/jacek/herd/booking-engine-admin/vendor/laravel/framework/src/Illuminate/Console/View/Components/Task.php(40): Illuminate\\Database\\Migrations\\Migrator->Illuminate\\Database\\Migrations\\{closure}()
#12 /mnt/c/users/jacek/herd/booking-engine-admin/vendor/laravel/framework/src/Illuminate/Database/Migrations/Migrator.php(736): Illuminate\\Console\\View\\Components\\Task->render()
#13 /mnt/c/users/jacek/herd/booking-engine-admin/vendor/laravel/framework/src/Illuminate/Database/Migrations/Migrator.php(212): Illuminate\\Database\\Migrations\\Migrator->write()
#14 /mnt/c/users/jacek/herd/booking-engine-admin/vendor/laravel/framework/src/Illuminate/Database/Migrations/Migrator.php(179): Illuminate\\Database\\Migrations\\Migrator->runUp()
#15 /mnt/c/users/jacek/herd/booking-engine-admin/vendor/laravel/framework/src/Illuminate/Database/Migrations/Migrator.php(122): Illuminate\\Database\\Migrations\\Migrator->runPending()
#16 /mnt/c/users/jacek/herd/booking-engine-admin/vendor/laravel/framework/src/Illuminate/Database/Console/Migrations/MigrateCommand.php(116): Illuminate\\Database\\Migrations\\Migrator->run()
#17 /mnt/c/users/jacek/herd/booking-engine-admin/vendor/laravel/framework/src/Illuminate/Database/Migrations/Migrator.php(615): Illuminate\\Database\\Console\\Migrations\\MigrateCommand->Illuminate\\Database\\Console\\Migrations\\{closure}()
#18 /mnt/c/users/jacek/herd/booking-engine-admin/vendor/laravel/framework/src/Illuminate/Database/Console/Migrations/MigrateCommand.php(109): Illuminate\\Database\\Migrations\\Migrator->usingConnection()
#19 /mnt/c/users/jacek/herd/booking-engine-admin/vendor/laravel/framework/src/Illuminate/Database/Console/Migrations/MigrateCommand.php(88): Illuminate\\Database\\Console\\Migrations\\MigrateCommand->runMigrations()
#20 /mnt/c/users/jacek/herd/booking-engine-admin/vendor/laravel/framework/src/Illuminate/Container/BoundMethod.php(36): Illuminate\\Database\\Console\\Migrations\\MigrateCommand->handle()
#21 /mnt/c/users/jacek/herd/booking-engine-admin/vendor/laravel/framework/src/Illuminate/Container/Util.php(41): Illuminate\\Container\\BoundMethod::Illuminate\\Container\\{closure}()
#22 /mnt/c/users/jacek/herd/booking-engine-admin/vendor/laravel/framework/src/Illuminate/Container/BoundMethod.php(93): Illuminate\\Container\\Util::unwrapIfClosure()
#23 /mnt/c/users/jacek/herd/booking-engine-admin/vendor/laravel/framework/src/Illuminate/Container/BoundMethod.php(35): Illuminate\\Container\\BoundMethod::callBoundMethod()
#24 /mnt/c/users/jacek/herd/booking-engine-admin/vendor/laravel/framework/src/Illuminate/Container/Container.php(690): Illuminate\\Container\\BoundMethod::call()
#25 /mnt/c/users/jacek/herd/booking-engine-admin/vendor/laravel/framework/src/Illuminate/Console/Command.php(213): Illuminate\\Container\\Container->call()
#26 /mnt/c/users/jacek/herd/booking-engine-admin/vendor/symfony/console/Command/Command.php(279): Illuminate\\Console\\Command->execute()
#27 /mnt/c/users/jacek/herd/booking-engine-admin/vendor/laravel/framework/src/Illuminate/Console/Command.php(182): Symfony\\Component\\Console\\Command\\Command->run()
#28 /mnt/c/users/jacek/herd/booking-engine-admin/vendor/symfony/console/Application.php(1047): Illuminate\\Console\\Command->run()
#29 /mnt/c/users/jacek/herd/booking-engine-admin/vendor/symfony/console/Application.php(316): Symfony\\Component\\Console\\Application->doRunCommand()
#30 /mnt/c/users/jacek/herd/booking-engine-admin/vendor/symfony/console/Application.php(167): Symfony\\Component\\Console\\Application->doRun()
#31 /mnt/c/users/jacek/herd/booking-engine-admin/vendor/laravel/framework/src/Illuminate/Foundation/Console/Kernel.php(196): Symfony\\Component\\Console\\Application->run()
#32 /mnt/c/users/jacek/herd/booking-engine-admin/vendor/laravel/framework/src/Illuminate/Foundation/Application.php(1203): Illuminate\\Foundation\\Console\\Kernel->handle()
#33 /mnt/c/users/jacek/herd/booking-engine-admin/artisan(13): Illuminate\\Foundation\\Application->handleCommand()
#34 {main}

[previous exception] [object] (PDOException(code: HY000): SQLSTATE[HY000]: General error: 1 duplicate column name: created_at at /mnt/c/users/jacek/herd/booking-engine-admin/vendor/laravel/framework/src/Illuminate/Database/Connection.php:565)
[stacktrace]
#0 /mnt/c/users/jacek/herd/booking-engine-admin/vendor/laravel/framework/src/Illuminate/Database/Connection.php(565): PDO->prepare()
#1 /mnt/c/users/jacek/herd/booking-engine-admin/vendor/laravel/framework/src/Illuminate/Database/Connection.php(800): Illuminate\\Database\\Connection->Illuminate\\Database\\{closure}()
#2 /mnt/c/users/jacek/herd/booking-engine-admin/vendor/laravel/framework/src/Illuminate/Database/Connection.php(767): Illuminate\\Database\\Connection->runQueryCallback()
#3 /mnt/c/users/jacek/herd/booking-engine-admin/vendor/laravel/framework/src/Illuminate/Database/Connection.php(560): Illuminate\\Database\\Connection->run()
#4 /mnt/c/users/jacek/herd/booking-engine-admin/vendor/laravel/framework/src/Illuminate/Database/Schema/Blueprint.php(117): Illuminate\\Database\\Connection->statement()
#5 /mnt/c/users/jacek/herd/booking-engine-admin/vendor/laravel/framework/src/Illuminate/Database/Schema/Builder.php(564): Illuminate\\Database\\Schema\\Blueprint->build()
#6 /mnt/c/users/jacek/herd/booking-engine-admin/vendor/laravel/framework/src/Illuminate/Database/Schema/Builder.php(418): Illuminate\\Database\\Schema\\Builder->build()
#7 /mnt/c/users/jacek/herd/booking-engine-admin/vendor/laravel/framework/src/Illuminate/Support/Facades/Facade.php(357): Illuminate\\Database\\Schema\\Builder->create()
#8 /mnt/c/users/jacek/herd/booking-engine-admin/database/migrations/2024_08_08_084053_create_fees.php(14): Illuminate\\Support\\Facades\\Facade::__callStatic()
#9 /mnt/c/users/jacek/herd/booking-engine-admin/vendor/laravel/framework/src/Illuminate/Database/Migrations/Migrator.php(475): Illuminate\\Database\\Migrations\\Migration@anonymous->up()
#10 /mnt/c/users/jacek/herd/booking-engine-admin/vendor/laravel/framework/src/Illuminate/Database/Migrations/Migrator.php(400): Illuminate\\Database\\Migrations\\Migrator->runMethod()
#11 /mnt/c/users/jacek/herd/booking-engine-admin/vendor/laravel/framework/src/Illuminate/Database/Migrations/Migrator.php(409): Illuminate\\Database\\Migrations\\Migrator->Illuminate\\Database\\Migrations\\{closure}()
#12 /mnt/c/users/jacek/herd/booking-engine-admin/vendor/laravel/framework/src/Illuminate/Database/Migrations/Migrator.php(212): Illuminate\\Database\\Migrations\\Migrator->runMigration()
#13 /mnt/c/users/jacek/herd/booking-engine-admin/vendor/laravel/framework/src/Illuminate/Console/View/Components/Task.php(40): Illuminate\\Database\\Migrations\\Migrator->Illuminate\\Database\\Migrations\\{closure}()
#14 /mnt/c/users/jacek/herd/booking-engine-admin/vendor/laravel/framework/src/Illuminate/Database/Migrations/Migrator.php(736): Illuminate\\Console\\View\\Components\\Task->render()
#15 /mnt/c/users/jacek/herd/booking-engine-admin/vendor/laravel/framework/src/Illuminate/Database/Migrations/Migrator.php(212): Illuminate\\Database\\Migrations\\Migrator->write()
#16 /mnt/c/users/jacek/herd/booking-engine-admin/vendor/laravel/framework/src/Illuminate/Database/Migrations/Migrator.php(179): Illuminate\\Database\\Migrations\\Migrator->runUp()
#17 /mnt/c/users/jacek/herd/booking-engine-admin/vendor/laravel/framework/src/Illuminate/Database/Migrations/Migrator.php(122): Illuminate\\Database\\Migrations\\Migrator->runPending()
#18 /mnt/c/users/jacek/herd/booking-engine-admin/vendor/laravel/framework/src/Illuminate/Database/Console/Migrations/MigrateCommand.php(116): Illuminate\\Database\\Migrations\\Migrator->run()
#19 /mnt/c/users/jacek/herd/booking-engine-admin/vendor/laravel/framework/src/Illuminate/Database/Migrations/Migrator.php(615): Illuminate\\Database\\Console\\Migrations\\MigrateCommand->Illuminate\\Database\\Console\\Migrations\\{closure}()
#20 /mnt/c/users/jacek/herd/booking-engine-admin/vendor/laravel/framework/src/Illuminate/Database/Console/Migrations/MigrateCommand.php(109): Illuminate\\Database\\Migrations\\Migrator->usingConnection()
#21 /mnt/c/users/jacek/herd/booking-engine-admin/vendor/laravel/framework/src/Illuminate/Database/Console/Migrations/MigrateCommand.php(88): Illuminate\\Database\\Console\\Migrations\\MigrateCommand->runMigrations()
#22 /mnt/c/users/jacek/herd/booking-engine-admin/vendor/laravel/framework/src/Illuminate/Container/BoundMethod.php(36): Illuminate\\Database\\Console\\Migrations\\MigrateCommand->handle()
#23 /mnt/c/users/jacek/herd/booking-engine-admin/vendor/laravel/framework/src/Illuminate/Container/Util.php(41): Illuminate\\Container\\BoundMethod::Illuminate\\Container\\{closure}()
#24 /mnt/c/users/jacek/herd/booking-engine-admin/vendor/laravel/framework/src/Illuminate/Container/BoundMethod.php(93): Illuminate\\Container\\Util::unwrapIfClosure()
#25 /mnt/c/users/jacek/herd/booking-engine-admin/vendor/laravel/framework/src/Illuminate/Container/BoundMethod.php(35): Illuminate\\Container\\BoundMethod::callBoundMethod()
#26 /mnt/c/users/jacek/herd/booking-engine-admin/vendor/laravel/framework/src/Illuminate/Container/Container.php(690): Illuminate\\Container\\BoundMethod::call()
#27 /mnt/c/users/jacek/herd/booking-engine-admin/vendor/laravel/framework/src/Illuminate/Console/Command.php(213): Illuminate\\Container\\Container->call()
#28 /mnt/c/users/jacek/herd/booking-engine-admin/vendor/symfony/console/Command/Command.php(279): Illuminate\\Console\\Command->execute()
#29 /mnt/c/users/jacek/herd/booking-engine-admin/vendor/laravel/framework/src/Illuminate/Console/Command.php(182): Symfony\\Component\\Console\\Command\\Command->run()
#30 /mnt/c/users/jacek/herd/booking-engine-admin/vendor/symfony/console/Application.php(1047): Illuminate\\Console\\Command->run()
#31 /mnt/c/users/jacek/herd/booking-engine-admin/vendor/symfony/console/Application.php(316): Symfony\\Component\\Console\\Application->doRunCommand()
#32 /mnt/c/users/jacek/herd/booking-engine-admin/vendor/symfony/console/Application.php(167): Symfony\\Component\\Console\\Application->doRun()
#33 /mnt/c/users/jacek/herd/booking-engine-admin/vendor/laravel/framework/src/Illuminate/Foundation/Console/Kernel.php(196): Symfony\\Component\\Console\\Application->run()
#34 /mnt/c/users/jacek/herd/booking-engine-admin/vendor/laravel/framework/src/Illuminate/Foundation/Application.php(1203): Illuminate\\Foundation\\Console\\Kernel->handle()
#35 /mnt/c/users/jacek/herd/booking-engine-admin/artisan(13): Illuminate\\Foundation\\Application->handleCommand()
#36 {main}
"} 
[2024-08-08 09:07:54] local.ERROR: SQLSTATE[HY000]: General error: 1 duplicate column name: created_at (Connection: sqlite, SQL: create table "booking_addition_tokens" ("id" integer primary key autoincrement not null, "email" varchar not null, "token" varchar not null, "created_at" datetime, "passenger_id" integer not null, "created_at" datetime, "updated_at" datetime, foreign key("passenger_id") references "passengers"("id"), primary key ("email"))) {"exception":"[object] (Illuminate\\Database\\QueryException(code: HY000): SQLSTATE[HY000]: General error: 1 duplicate column name: created_at (Connection: sqlite, SQL: create table \"booking_addition_tokens\" (\"id\" integer primary key autoincrement not null, \"email\" varchar not null, \"token\" varchar not null, \"created_at\" datetime, \"passenger_id\" integer not null, \"created_at\" datetime, \"updated_at\" datetime, foreign key(\"passenger_id\") references \"passengers\"(\"id\"), primary key (\"email\"))) at /mnt/c/users/jacek/herd/booking-engine-admin/vendor/laravel/framework/src/Illuminate/Database/Connection.php:813)
[stacktrace]
#0 /mnt/c/users/jacek/herd/booking-engine-admin/vendor/laravel/framework/src/Illuminate/Database/Connection.php(767): Illuminate\\Database\\Connection->runQueryCallback()
#1 /mnt/c/users/jacek/herd/booking-engine-admin/vendor/laravel/framework/src/Illuminate/Database/Connection.php(560): Illuminate\\Database\\Connection->run()
#2 /mnt/c/users/jacek/herd/booking-engine-admin/vendor/laravel/framework/src/Illuminate/Database/Schema/Blueprint.php(117): Illuminate\\Database\\Connection->statement()
#3 /mnt/c/users/jacek/herd/booking-engine-admin/vendor/laravel/framework/src/Illuminate/Database/Schema/Builder.php(564): Illuminate\\Database\\Schema\\Blueprint->build()
#4 /mnt/c/users/jacek/herd/booking-engine-admin/vendor/laravel/framework/src/Illuminate/Database/Schema/Builder.php(418): Illuminate\\Database\\Schema\\Builder->build()
#5 /mnt/c/users/jacek/herd/booking-engine-admin/vendor/laravel/framework/src/Illuminate/Support/Facades/Facade.php(357): Illuminate\\Database\\Schema\\Builder->create()
#6 /mnt/c/users/jacek/herd/booking-engine-admin/database/migrations/2024_08_08_084121_create_booking_addition_tokens.php(14): Illuminate\\Support\\Facades\\Facade::__callStatic()
#7 /mnt/c/users/jacek/herd/booking-engine-admin/vendor/laravel/framework/src/Illuminate/Database/Migrations/Migrator.php(475): Illuminate\\Database\\Migrations\\Migration@anonymous->up()
#8 /mnt/c/users/jacek/herd/booking-engine-admin/vendor/laravel/framework/src/Illuminate/Database/Migrations/Migrator.php(400): Illuminate\\Database\\Migrations\\Migrator->runMethod()
#9 /mnt/c/users/jacek/herd/booking-engine-admin/vendor/laravel/framework/src/Illuminate/Database/Migrations/Migrator.php(409): Illuminate\\Database\\Migrations\\Migrator->Illuminate\\Database\\Migrations\\{closure}()
#10 /mnt/c/users/jacek/herd/booking-engine-admin/vendor/laravel/framework/src/Illuminate/Database/Migrations/Migrator.php(212): Illuminate\\Database\\Migrations\\Migrator->runMigration()
#11 /mnt/c/users/jacek/herd/booking-engine-admin/vendor/laravel/framework/src/Illuminate/Console/View/Components/Task.php(40): Illuminate\\Database\\Migrations\\Migrator->Illuminate\\Database\\Migrations\\{closure}()
#12 /mnt/c/users/jacek/herd/booking-engine-admin/vendor/laravel/framework/src/Illuminate/Database/Migrations/Migrator.php(736): Illuminate\\Console\\View\\Components\\Task->render()
#13 /mnt/c/users/jacek/herd/booking-engine-admin/vendor/laravel/framework/src/Illuminate/Database/Migrations/Migrator.php(212): Illuminate\\Database\\Migrations\\Migrator->write()
#14 /mnt/c/users/jacek/herd/booking-engine-admin/vendor/laravel/framework/src/Illuminate/Database/Migrations/Migrator.php(179): Illuminate\\Database\\Migrations\\Migrator->runUp()
#15 /mnt/c/users/jacek/herd/booking-engine-admin/vendor/laravel/framework/src/Illuminate/Database/Migrations/Migrator.php(122): Illuminate\\Database\\Migrations\\Migrator->runPending()
#16 /mnt/c/users/jacek/herd/booking-engine-admin/vendor/laravel/framework/src/Illuminate/Database/Console/Migrations/MigrateCommand.php(116): Illuminate\\Database\\Migrations\\Migrator->run()
#17 /mnt/c/users/jacek/herd/booking-engine-admin/vendor/laravel/framework/src/Illuminate/Database/Migrations/Migrator.php(615): Illuminate\\Database\\Console\\Migrations\\MigrateCommand->Illuminate\\Database\\Console\\Migrations\\{closure}()
#18 /mnt/c/users/jacek/herd/booking-engine-admin/vendor/laravel/framework/src/Illuminate/Database/Console/Migrations/MigrateCommand.php(109): Illuminate\\Database\\Migrations\\Migrator->usingConnection()
#19 /mnt/c/users/jacek/herd/booking-engine-admin/vendor/laravel/framework/src/Illuminate/Database/Console/Migrations/MigrateCommand.php(88): Illuminate\\Database\\Console\\Migrations\\MigrateCommand->runMigrations()
#20 /mnt/c/users/jacek/herd/booking-engine-admin/vendor/laravel/framework/src/Illuminate/Container/BoundMethod.php(36): Illuminate\\Database\\Console\\Migrations\\MigrateCommand->handle()
#21 /mnt/c/users/jacek/herd/booking-engine-admin/vendor/laravel/framework/src/Illuminate/Container/Util.php(41): Illuminate\\Container\\BoundMethod::Illuminate\\Container\\{closure}()
#22 /mnt/c/users/jacek/herd/booking-engine-admin/vendor/laravel/framework/src/Illuminate/Container/BoundMethod.php(93): Illuminate\\Container\\Util::unwrapIfClosure()
#23 /mnt/c/users/jacek/herd/booking-engine-admin/vendor/laravel/framework/src/Illuminate/Container/BoundMethod.php(35): Illuminate\\Container\\BoundMethod::callBoundMethod()
#24 /mnt/c/users/jacek/herd/booking-engine-admin/vendor/laravel/framework/src/Illuminate/Container/Container.php(690): Illuminate\\Container\\BoundMethod::call()
#25 /mnt/c/users/jacek/herd/booking-engine-admin/vendor/laravel/framework/src/Illuminate/Console/Command.php(213): Illuminate\\Container\\Container->call()
#26 /mnt/c/users/jacek/herd/booking-engine-admin/vendor/symfony/console/Command/Command.php(279): Illuminate\\Console\\Command->execute()
#27 /mnt/c/users/jacek/herd/booking-engine-admin/vendor/laravel/framework/src/Illuminate/Console/Command.php(182): Symfony\\Component\\Console\\Command\\Command->run()
#28 /mnt/c/users/jacek/herd/booking-engine-admin/vendor/symfony/console/Application.php(1047): Illuminate\\Console\\Command->run()
#29 /mnt/c/users/jacek/herd/booking-engine-admin/vendor/symfony/console/Application.php(316): Symfony\\Component\\Console\\Application->doRunCommand()
#30 /mnt/c/users/jacek/herd/booking-engine-admin/vendor/symfony/console/Application.php(167): Symfony\\Component\\Console\\Application->doRun()
#31 /mnt/c/users/jacek/herd/booking-engine-admin/vendor/laravel/framework/src/Illuminate/Foundation/Console/Kernel.php(196): Symfony\\Component\\Console\\Application->run()
#32 /mnt/c/users/jacek/herd/booking-engine-admin/vendor/laravel/framework/src/Illuminate/Foundation/Application.php(1203): Illuminate\\Foundation\\Console\\Kernel->handle()
#33 /mnt/c/users/jacek/herd/booking-engine-admin/artisan(13): Illuminate\\Foundation\\Application->handleCommand()
#34 {main}

[previous exception] [object] (PDOException(code: HY000): SQLSTATE[HY000]: General error: 1 duplicate column name: created_at at /mnt/c/users/jacek/herd/booking-engine-admin/vendor/laravel/framework/src/Illuminate/Database/Connection.php:565)
[stacktrace]
#0 /mnt/c/users/jacek/herd/booking-engine-admin/vendor/laravel/framework/src/Illuminate/Database/Connection.php(565): PDO->prepare()
#1 /mnt/c/users/jacek/herd/booking-engine-admin/vendor/laravel/framework/src/Illuminate/Database/Connection.php(800): Illuminate\\Database\\Connection->Illuminate\\Database\\{closure}()
#2 /mnt/c/users/jacek/herd/booking-engine-admin/vendor/laravel/framework/src/Illuminate/Database/Connection.php(767): Illuminate\\Database\\Connection->runQueryCallback()
#3 /mnt/c/users/jacek/herd/booking-engine-admin/vendor/laravel/framework/src/Illuminate/Database/Connection.php(560): Illuminate\\Database\\Connection->run()
#4 /mnt/c/users/jacek/herd/booking-engine-admin/vendor/laravel/framework/src/Illuminate/Database/Schema/Blueprint.php(117): Illuminate\\Database\\Connection->statement()
#5 /mnt/c/users/jacek/herd/booking-engine-admin/vendor/laravel/framework/src/Illuminate/Database/Schema/Builder.php(564): Illuminate\\Database\\Schema\\Blueprint->build()
#6 /mnt/c/users/jacek/herd/booking-engine-admin/vendor/laravel/framework/src/Illuminate/Database/Schema/Builder.php(418): Illuminate\\Database\\Schema\\Builder->build()
#7 /mnt/c/users/jacek/herd/booking-engine-admin/vendor/laravel/framework/src/Illuminate/Support/Facades/Facade.php(357): Illuminate\\Database\\Schema\\Builder->create()
#8 /mnt/c/users/jacek/herd/booking-engine-admin/database/migrations/2024_08_08_084121_create_booking_addition_tokens.php(14): Illuminate\\Support\\Facades\\Facade::__callStatic()
#9 /mnt/c/users/jacek/herd/booking-engine-admin/vendor/laravel/framework/src/Illuminate/Database/Migrations/Migrator.php(475): Illuminate\\Database\\Migrations\\Migration@anonymous->up()
#10 /mnt/c/users/jacek/herd/booking-engine-admin/vendor/laravel/framework/src/Illuminate/Database/Migrations/Migrator.php(400): Illuminate\\Database\\Migrations\\Migrator->runMethod()
#11 /mnt/c/users/jacek/herd/booking-engine-admin/vendor/laravel/framework/src/Illuminate/Database/Migrations/Migrator.php(409): Illuminate\\Database\\Migrations\\Migrator->Illuminate\\Database\\Migrations\\{closure}()
#12 /mnt/c/users/jacek/herd/booking-engine-admin/vendor/laravel/framework/src/Illuminate/Database/Migrations/Migrator.php(212): Illuminate\\Database\\Migrations\\Migrator->runMigration()
#13 /mnt/c/users/jacek/herd/booking-engine-admin/vendor/laravel/framework/src/Illuminate/Console/View/Components/Task.php(40): Illuminate\\Database\\Migrations\\Migrator->Illuminate\\Database\\Migrations\\{closure}()
#14 /mnt/c/users/jacek/herd/booking-engine-admin/vendor/laravel/framework/src/Illuminate/Database/Migrations/Migrator.php(736): Illuminate\\Console\\View\\Components\\Task->render()
#15 /mnt/c/users/jacek/herd/booking-engine-admin/vendor/laravel/framework/src/Illuminate/Database/Migrations/Migrator.php(212): Illuminate\\Database\\Migrations\\Migrator->write()
#16 /mnt/c/users/jacek/herd/booking-engine-admin/vendor/laravel/framework/src/Illuminate/Database/Migrations/Migrator.php(179): Illuminate\\Database\\Migrations\\Migrator->runUp()
#17 /mnt/c/users/jacek/herd/booking-engine-admin/vendor/laravel/framework/src/Illuminate/Database/Migrations/Migrator.php(122): Illuminate\\Database\\Migrations\\Migrator->runPending()
#18 /mnt/c/users/jacek/herd/booking-engine-admin/vendor/laravel/framework/src/Illuminate/Database/Console/Migrations/MigrateCommand.php(116): Illuminate\\Database\\Migrations\\Migrator->run()
#19 /mnt/c/users/jacek/herd/booking-engine-admin/vendor/laravel/framework/src/Illuminate/Database/Migrations/Migrator.php(615): Illuminate\\Database\\Console\\Migrations\\MigrateCommand->Illuminate\\Database\\Console\\Migrations\\{closure}()
#20 /mnt/c/users/jacek/herd/booking-engine-admin/vendor/laravel/framework/src/Illuminate/Database/Console/Migrations/MigrateCommand.php(109): Illuminate\\Database\\Migrations\\Migrator->usingConnection()
#21 /mnt/c/users/jacek/herd/booking-engine-admin/vendor/laravel/framework/src/Illuminate/Database/Console/Migrations/MigrateCommand.php(88): Illuminate\\Database\\Console\\Migrations\\MigrateCommand->runMigrations()
#22 /mnt/c/users/jacek/herd/booking-engine-admin/vendor/laravel/framework/src/Illuminate/Container/BoundMethod.php(36): Illuminate\\Database\\Console\\Migrations\\MigrateCommand->handle()
#23 /mnt/c/users/jacek/herd/booking-engine-admin/vendor/laravel/framework/src/Illuminate/Container/Util.php(41): Illuminate\\Container\\BoundMethod::Illuminate\\Container\\{closure}()
#24 /mnt/c/users/jacek/herd/booking-engine-admin/vendor/laravel/framework/src/Illuminate/Container/BoundMethod.php(93): Illuminate\\Container\\Util::unwrapIfClosure()
#25 /mnt/c/users/jacek/herd/booking-engine-admin/vendor/laravel/framework/src/Illuminate/Container/BoundMethod.php(35): Illuminate\\Container\\BoundMethod::callBoundMethod()
#26 /mnt/c/users/jacek/herd/booking-engine-admin/vendor/laravel/framework/src/Illuminate/Container/Container.php(690): Illuminate\\Container\\BoundMethod::call()
#27 /mnt/c/users/jacek/herd/booking-engine-admin/vendor/laravel/framework/src/Illuminate/Console/Command.php(213): Illuminate\\Container\\Container->call()
#28 /mnt/c/users/jacek/herd/booking-engine-admin/vendor/symfony/console/Command/Command.php(279): Illuminate\\Console\\Command->execute()
#29 /mnt/c/users/jacek/herd/booking-engine-admin/vendor/laravel/framework/src/Illuminate/Console/Command.php(182): Symfony\\Component\\Console\\Command\\Command->run()
#30 /mnt/c/users/jacek/herd/booking-engine-admin/vendor/symfony/console/Application.php(1047): Illuminate\\Console\\Command->run()
#31 /mnt/c/users/jacek/herd/booking-engine-admin/vendor/symfony/console/Application.php(316): Symfony\\Component\\Console\\Application->doRunCommand()
#32 /mnt/c/users/jacek/herd/booking-engine-admin/vendor/symfony/console/Application.php(167): Symfony\\Component\\Console\\Application->doRun()
#33 /mnt/c/users/jacek/herd/booking-engine-admin/vendor/laravel/framework/src/Illuminate/Foundation/Console/Kernel.php(196): Symfony\\Component\\Console\\Application->run()
#34 /mnt/c/users/jacek/herd/booking-engine-admin/vendor/laravel/framework/src/Illuminate/Foundation/Application.php(1203): Illuminate\\Foundation\\Console\\Kernel->handle()
#35 /mnt/c/users/jacek/herd/booking-engine-admin/artisan(13): Illuminate\\Foundation\\Application->handleCommand()
#36 {main}
"} 
[2024-08-08 09:08:25] local.ERROR: SQLSTATE[HY000]: General error: 1 table "booking_addition_tokens" has more than one primary key (Connection: sqlite, SQL: create table "booking_addition_tokens" ("id" integer primary key autoincrement not null, "email" varchar not null, "token" varchar not null, "passenger_id" integer not null, "created_at" datetime, "updated_at" datetime, foreign key("passenger_id") references "passengers"("id"), primary key ("email"))) {"exception":"[object] (Illuminate\\Database\\QueryException(code: HY000): SQLSTATE[HY000]: General error: 1 table \"booking_addition_tokens\" has more than one primary key (Connection: sqlite, SQL: create table \"booking_addition_tokens\" (\"id\" integer primary key autoincrement not null, \"email\" varchar not null, \"token\" varchar not null, \"passenger_id\" integer not null, \"created_at\" datetime, \"updated_at\" datetime, foreign key(\"passenger_id\") references \"passengers\"(\"id\"), primary key (\"email\"))) at /mnt/c/users/jacek/herd/booking-engine-admin/vendor/laravel/framework/src/Illuminate/Database/Connection.php:813)
[stacktrace]
#0 /mnt/c/users/jacek/herd/booking-engine-admin/vendor/laravel/framework/src/Illuminate/Database/Connection.php(767): Illuminate\\Database\\Connection->runQueryCallback()
#1 /mnt/c/users/jacek/herd/booking-engine-admin/vendor/laravel/framework/src/Illuminate/Database/Connection.php(560): Illuminate\\Database\\Connection->run()
#2 /mnt/c/users/jacek/herd/booking-engine-admin/vendor/laravel/framework/src/Illuminate/Database/Schema/Blueprint.php(117): Illuminate\\Database\\Connection->statement()
#3 /mnt/c/users/jacek/herd/booking-engine-admin/vendor/laravel/framework/src/Illuminate/Database/Schema/Builder.php(564): Illuminate\\Database\\Schema\\Blueprint->build()
#4 /mnt/c/users/jacek/herd/booking-engine-admin/vendor/laravel/framework/src/Illuminate/Database/Schema/Builder.php(418): Illuminate\\Database\\Schema\\Builder->build()
#5 /mnt/c/users/jacek/herd/booking-engine-admin/vendor/laravel/framework/src/Illuminate/Support/Facades/Facade.php(357): Illuminate\\Database\\Schema\\Builder->create()
#6 /mnt/c/users/jacek/herd/booking-engine-admin/database/migrations/2024_08_08_084121_create_booking_addition_tokens.php(14): Illuminate\\Support\\Facades\\Facade::__callStatic()
#7 /mnt/c/users/jacek/herd/booking-engine-admin/vendor/laravel/framework/src/Illuminate/Database/Migrations/Migrator.php(475): Illuminate\\Database\\Migrations\\Migration@anonymous->up()
#8 /mnt/c/users/jacek/herd/booking-engine-admin/vendor/laravel/framework/src/Illuminate/Database/Migrations/Migrator.php(400): Illuminate\\Database\\Migrations\\Migrator->runMethod()
#9 /mnt/c/users/jacek/herd/booking-engine-admin/vendor/laravel/framework/src/Illuminate/Database/Migrations/Migrator.php(409): Illuminate\\Database\\Migrations\\Migrator->Illuminate\\Database\\Migrations\\{closure}()
#10 /mnt/c/users/jacek/herd/booking-engine-admin/vendor/laravel/framework/src/Illuminate/Database/Migrations/Migrator.php(212): Illuminate\\Database\\Migrations\\Migrator->runMigration()
#11 /mnt/c/users/jacek/herd/booking-engine-admin/vendor/laravel/framework/src/Illuminate/Console/View/Components/Task.php(40): Illuminate\\Database\\Migrations\\Migrator->Illuminate\\Database\\Migrations\\{closure}()
#12 /mnt/c/users/jacek/herd/booking-engine-admin/vendor/laravel/framework/src/Illuminate/Database/Migrations/Migrator.php(736): Illuminate\\Console\\View\\Components\\Task->render()
#13 /mnt/c/users/jacek/herd/booking-engine-admin/vendor/laravel/framework/src/Illuminate/Database/Migrations/Migrator.php(212): Illuminate\\Database\\Migrations\\Migrator->write()
#14 /mnt/c/users/jacek/herd/booking-engine-admin/vendor/laravel/framework/src/Illuminate/Database/Migrations/Migrator.php(179): Illuminate\\Database\\Migrations\\Migrator->runUp()
#15 /mnt/c/users/jacek/herd/booking-engine-admin/vendor/laravel/framework/src/Illuminate/Database/Migrations/Migrator.php(122): Illuminate\\Database\\Migrations\\Migrator->runPending()
#16 /mnt/c/users/jacek/herd/booking-engine-admin/vendor/laravel/framework/src/Illuminate/Database/Console/Migrations/MigrateCommand.php(116): Illuminate\\Database\\Migrations\\Migrator->run()
#17 /mnt/c/users/jacek/herd/booking-engine-admin/vendor/laravel/framework/src/Illuminate/Database/Migrations/Migrator.php(615): Illuminate\\Database\\Console\\Migrations\\MigrateCommand->Illuminate\\Database\\Console\\Migrations\\{closure}()
#18 /mnt/c/users/jacek/herd/booking-engine-admin/vendor/laravel/framework/src/Illuminate/Database/Console/Migrations/MigrateCommand.php(109): Illuminate\\Database\\Migrations\\Migrator->usingConnection()
#19 /mnt/c/users/jacek/herd/booking-engine-admin/vendor/laravel/framework/src/Illuminate/Database/Console/Migrations/MigrateCommand.php(88): Illuminate\\Database\\Console\\Migrations\\MigrateCommand->runMigrations()
#20 /mnt/c/users/jacek/herd/booking-engine-admin/vendor/laravel/framework/src/Illuminate/Container/BoundMethod.php(36): Illuminate\\Database\\Console\\Migrations\\MigrateCommand->handle()
#21 /mnt/c/users/jacek/herd/booking-engine-admin/vendor/laravel/framework/src/Illuminate/Container/Util.php(41): Illuminate\\Container\\BoundMethod::Illuminate\\Container\\{closure}()
#22 /mnt/c/users/jacek/herd/booking-engine-admin/vendor/laravel/framework/src/Illuminate/Container/BoundMethod.php(93): Illuminate\\Container\\Util::unwrapIfClosure()
#23 /mnt/c/users/jacek/herd/booking-engine-admin/vendor/laravel/framework/src/Illuminate/Container/BoundMethod.php(35): Illuminate\\Container\\BoundMethod::callBoundMethod()
#24 /mnt/c/users/jacek/herd/booking-engine-admin/vendor/laravel/framework/src/Illuminate/Container/Container.php(690): Illuminate\\Container\\BoundMethod::call()
#25 /mnt/c/users/jacek/herd/booking-engine-admin/vendor/laravel/framework/src/Illuminate/Console/Command.php(213): Illuminate\\Container\\Container->call()
#26 /mnt/c/users/jacek/herd/booking-engine-admin/vendor/symfony/console/Command/Command.php(279): Illuminate\\Console\\Command->execute()
#27 /mnt/c/users/jacek/herd/booking-engine-admin/vendor/laravel/framework/src/Illuminate/Console/Command.php(182): Symfony\\Component\\Console\\Command\\Command->run()
#28 /mnt/c/users/jacek/herd/booking-engine-admin/vendor/symfony/console/Application.php(1047): Illuminate\\Console\\Command->run()
#29 /mnt/c/users/jacek/herd/booking-engine-admin/vendor/symfony/console/Application.php(316): Symfony\\Component\\Console\\Application->doRunCommand()
#30 /mnt/c/users/jacek/herd/booking-engine-admin/vendor/symfony/console/Application.php(167): Symfony\\Component\\Console\\Application->doRun()
#31 /mnt/c/users/jacek/herd/booking-engine-admin/vendor/laravel/framework/src/Illuminate/Foundation/Console/Kernel.php(196): Symfony\\Component\\Console\\Application->run()
#32 /mnt/c/users/jacek/herd/booking-engine-admin/vendor/laravel/framework/src/Illuminate/Foundation/Application.php(1203): Illuminate\\Foundation\\Console\\Kernel->handle()
#33 /mnt/c/users/jacek/herd/booking-engine-admin/artisan(13): Illuminate\\Foundation\\Application->handleCommand()
#34 {main}

[previous exception] [object] (PDOException(code: HY000): SQLSTATE[HY000]: General error: 1 table \"booking_addition_tokens\" has more than one primary key at /mnt/c/users/jacek/herd/booking-engine-admin/vendor/laravel/framework/src/Illuminate/Database/Connection.php:565)
[stacktrace]
#0 /mnt/c/users/jacek/herd/booking-engine-admin/vendor/laravel/framework/src/Illuminate/Database/Connection.php(565): PDO->prepare()
#1 /mnt/c/users/jacek/herd/booking-engine-admin/vendor/laravel/framework/src/Illuminate/Database/Connection.php(800): Illuminate\\Database\\Connection->Illuminate\\Database\\{closure}()
#2 /mnt/c/users/jacek/herd/booking-engine-admin/vendor/laravel/framework/src/Illuminate/Database/Connection.php(767): Illuminate\\Database\\Connection->runQueryCallback()
#3 /mnt/c/users/jacek/herd/booking-engine-admin/vendor/laravel/framework/src/Illuminate/Database/Connection.php(560): Illuminate\\Database\\Connection->run()
#4 /mnt/c/users/jacek/herd/booking-engine-admin/vendor/laravel/framework/src/Illuminate/Database/Schema/Blueprint.php(117): Illuminate\\Database\\Connection->statement()
#5 /mnt/c/users/jacek/herd/booking-engine-admin/vendor/laravel/framework/src/Illuminate/Database/Schema/Builder.php(564): Illuminate\\Database\\Schema\\Blueprint->build()
#6 /mnt/c/users/jacek/herd/booking-engine-admin/vendor/laravel/framework/src/Illuminate/Database/Schema/Builder.php(418): Illuminate\\Database\\Schema\\Builder->build()
#7 /mnt/c/users/jacek/herd/booking-engine-admin/vendor/laravel/framework/src/Illuminate/Support/Facades/Facade.php(357): Illuminate\\Database\\Schema\\Builder->create()
#8 /mnt/c/users/jacek/herd/booking-engine-admin/database/migrations/2024_08_08_084121_create_booking_addition_tokens.php(14): Illuminate\\Support\\Facades\\Facade::__callStatic()
#9 /mnt/c/users/jacek/herd/booking-engine-admin/vendor/laravel/framework/src/Illuminate/Database/Migrations/Migrator.php(475): Illuminate\\Database\\Migrations\\Migration@anonymous->up()
#10 /mnt/c/users/jacek/herd/booking-engine-admin/vendor/laravel/framework/src/Illuminate/Database/Migrations/Migrator.php(400): Illuminate\\Database\\Migrations\\Migrator->runMethod()
#11 /mnt/c/users/jacek/herd/booking-engine-admin/vendor/laravel/framework/src/Illuminate/Database/Migrations/Migrator.php(409): Illuminate\\Database\\Migrations\\Migrator->Illuminate\\Database\\Migrations\\{closure}()
#12 /mnt/c/users/jacek/herd/booking-engine-admin/vendor/laravel/framework/src/Illuminate/Database/Migrations/Migrator.php(212): Illuminate\\Database\\Migrations\\Migrator->runMigration()
#13 /mnt/c/users/jacek/herd/booking-engine-admin/vendor/laravel/framework/src/Illuminate/Console/View/Components/Task.php(40): Illuminate\\Database\\Migrations\\Migrator->Illuminate\\Database\\Migrations\\{closure}()
#14 /mnt/c/users/jacek/herd/booking-engine-admin/vendor/laravel/framework/src/Illuminate/Database/Migrations/Migrator.php(736): Illuminate\\Console\\View\\Components\\Task->render()
#15 /mnt/c/users/jacek/herd/booking-engine-admin/vendor/laravel/framework/src/Illuminate/Database/Migrations/Migrator.php(212): Illuminate\\Database\\Migrations\\Migrator->write()
#16 /mnt/c/users/jacek/herd/booking-engine-admin/vendor/laravel/framework/src/Illuminate/Database/Migrations/Migrator.php(179): Illuminate\\Database\\Migrations\\Migrator->runUp()
#17 /mnt/c/users/jacek/herd/booking-engine-admin/vendor/laravel/framework/src/Illuminate/Database/Migrations/Migrator.php(122): Illuminate\\Database\\Migrations\\Migrator->runPending()
#18 /mnt/c/users/jacek/herd/booking-engine-admin/vendor/laravel/framework/src/Illuminate/Database/Console/Migrations/MigrateCommand.php(116): Illuminate\\Database\\Migrations\\Migrator->run()
#19 /mnt/c/users/jacek/herd/booking-engine-admin/vendor/laravel/framework/src/Illuminate/Database/Migrations/Migrator.php(615): Illuminate\\Database\\Console\\Migrations\\MigrateCommand->Illuminate\\Database\\Console\\Migrations\\{closure}()
#20 /mnt/c/users/jacek/herd/booking-engine-admin/vendor/laravel/framework/src/Illuminate/Database/Console/Migrations/MigrateCommand.php(109): Illuminate\\Database\\Migrations\\Migrator->usingConnection()
#21 /mnt/c/users/jacek/herd/booking-engine-admin/vendor/laravel/framework/src/Illuminate/Database/Console/Migrations/MigrateCommand.php(88): Illuminate\\Database\\Console\\Migrations\\MigrateCommand->runMigrations()
#22 /mnt/c/users/jacek/herd/booking-engine-admin/vendor/laravel/framework/src/Illuminate/Container/BoundMethod.php(36): Illuminate\\Database\\Console\\Migrations\\MigrateCommand->handle()
#23 /mnt/c/users/jacek/herd/booking-engine-admin/vendor/laravel/framework/src/Illuminate/Container/Util.php(41): Illuminate\\Container\\BoundMethod::Illuminate\\Container\\{closure}()
#24 /mnt/c/users/jacek/herd/booking-engine-admin/vendor/laravel/framework/src/Illuminate/Container/BoundMethod.php(93): Illuminate\\Container\\Util::unwrapIfClosure()
#25 /mnt/c/users/jacek/herd/booking-engine-admin/vendor/laravel/framework/src/Illuminate/Container/BoundMethod.php(35): Illuminate\\Container\\BoundMethod::callBoundMethod()
#26 /mnt/c/users/jacek/herd/booking-engine-admin/vendor/laravel/framework/src/Illuminate/Container/Container.php(690): Illuminate\\Container\\BoundMethod::call()
#27 /mnt/c/users/jacek/herd/booking-engine-admin/vendor/laravel/framework/src/Illuminate/Console/Command.php(213): Illuminate\\Container\\Container->call()
#28 /mnt/c/users/jacek/herd/booking-engine-admin/vendor/symfony/console/Command/Command.php(279): Illuminate\\Console\\Command->execute()
#29 /mnt/c/users/jacek/herd/booking-engine-admin/vendor/laravel/framework/src/Illuminate/Console/Command.php(182): Symfony\\Component\\Console\\Command\\Command->run()
#30 /mnt/c/users/jacek/herd/booking-engine-admin/vendor/symfony/console/Application.php(1047): Illuminate\\Console\\Command->run()
#31 /mnt/c/users/jacek/herd/booking-engine-admin/vendor/symfony/console/Application.php(316): Symfony\\Component\\Console\\Application->doRunCommand()
#32 /mnt/c/users/jacek/herd/booking-engine-admin/vendor/symfony/console/Application.php(167): Symfony\\Component\\Console\\Application->doRun()
#33 /mnt/c/users/jacek/herd/booking-engine-admin/vendor/laravel/framework/src/Illuminate/Foundation/Console/Kernel.php(196): Symfony\\Component\\Console\\Application->run()
#34 /mnt/c/users/jacek/herd/booking-engine-admin/vendor/laravel/framework/src/Illuminate/Foundation/Application.php(1203): Illuminate\\Foundation\\Console\\Kernel->handle()
#35 /mnt/c/users/jacek/herd/booking-engine-admin/artisan(13): Illuminate\\Foundation\\Application->handleCommand()
#36 {main}
"} 
